CONFIG
+-- datamodule
|   `-- _target_: src.datamodules.SLE_datamodule_cos_knn_graph.SLEGraphDataModule                                           
|       root_dir: C:\Users\Administrator\Desktop\1PAPER\6_GCOM/data//SLE                                                    
|       top_k: 23                                                                                                           
|       loader: full                                                                                                        
|       batch_size: 128                                                                                                     
|       num_workers: 0                                                                                                      
|       num_neighbors:                                                                                                      
|       - -1                                                                                                                
|       - -1                                                                                                                
|                                                                                                                           
+-- model
|   `-- _target_: src.models.gconvloc_localize_module_sle.LocalizationModule                                                
|       hidden_channels:                                                                                                    
|       - 256                                                                                                               
|       - 128                                                                                                               
|       activation: relu                                                                                                    
|       heads: 1                                                                                                            
|       conv_dropout: 0.0                                                                                                   
|       node_dropout: 0.0                                                                                                   
|       edge_dropout: 0.0                                                                                                   
|       add_self_loops: true                                                                                                
|       fill_value: max                                                                                                     
|       share_weights: true                                                                                                 
|       output_activation: none                                                                                             
|       normalize: true                                                                                                     
|       post_mlp_hiddens:                                                                                                   
|       - 64                                                                                                                
|       post_activation: relu                                                                                               
|       post_dropout: 0.0                                                                                                   
|       post_input_dropout: 0.0                                                                                             
|       use_post_mlp: true                                                                                                  
|       log_dir: C:\Users\Administrator\Desktop\1PAPER\6_GCOM\logs\train\runs\2025-09-14_22-46-10                           
|       criterion:                                                                                                          
|         _target_: torch.nn.MSELoss                                                                                        
|       optimizer:                                                                                                          
|         _target_: src.utils.build_optimizer                                                                               
|         _partial_: true                                                                                                   
|         weight_decay: 0.0                                                                                                 
|         lr: 0.001                                                                                                         
|         opt: adam                                                                                                         
|         opt_scheduler: none                                                                                               
|         opt_decay_step: 1000                                                                                              
|         opt_decay_rate: 0.9                                                                                               
|         epochs: 5000                                                                                                      
|                                                                                                                           
+-- callbacks
|   `-- model_checkpoint:                                                                                                   
|         _target_: pytorch_lightning.callbacks.ModelCheckpoint                                                             
|         dirpath: C:\Users\Administrator\Desktop\1PAPER\6_GCOM\logs\train\runs\2025-09-14_22-46-10/checkpoints             
|         filename: epoch_{epoch:03d}                                                                                       
|         monitor: val/mean_error                                                                                           
|         verbose: false                                                                                                    
|         save_last: true                                                                                                   
|         save_top_k: 1                                                                                                     
|         mode: min                                                                                                         
|         auto_insert_metric_name: false                                                                                    
|         save_weights_only: false                                                                                          
|         every_n_train_steps: null                                                                                         
|         train_time_interval: null                                                                                         
|         every_n_epochs: null                                                                                              
|         save_on_train_epoch_end: null                                                                                     
|       early_stopping:                                                                                                     
|         _target_: pytorch_lightning.callbacks.EarlyStopping                                                               
|         monitor: val/mean_error                                                                                           
|         min_delta: 0.0                                                                                                    
|         patience: 20                                                                                                      
|         verbose: false                                                                                                    
|         mode: min                                                                                                         
|         strict: true                                                                                                      
|         check_finite: true                                                                                                
|         stopping_threshold: null                                                                                          
|         divergence_threshold: null                                                                                        
|         check_on_train_epoch_end: null                                                                                    
|       model_summary:                                                                                                      
|         _target_: pytorch_lightning.callbacks.RichModelSummary                                                            
|         max_depth: -1                                                                                                     
|                                                                                                                           
+-- logger
|   `-- csv:                                                                                                                
|         _target_: pytorch_lightning.loggers.csv_logs.CSVLogger                                                            
|         save_dir: C:\Users\Administrator\Desktop\1PAPER\6_GCOM\logs\train\runs\2025-09-14_22-46-10                        
|         name: csv/                                                                                                        
|         prefix: ''                                                                                                        
|       tensorboard:                                                                                                        
|         _target_: pytorch_lightning.loggers.tensorboard.TensorBoardLogger                                                 
|         save_dir: C:\Users\Administrator\Desktop\1PAPER\6_GCOM\logs\train\runs\2025-09-14_22-46-10/tensorboard/           
|         name: null                                                                                                        
|         log_graph: false                                                                                                  
|         default_hp_metric: true                                                                                           
|         prefix: ''                                                                                                        
|       wandb:                                                                                                              
|         _target_: pytorch_lightning.loggers.wandb.WandbLogger                                                             
|         save_dir: C:\Users\Administrator\Desktop\1PAPER\6_GCOM\logs\train\runs\2025-09-14_22-46-10                        
|         offline: false                                                                                                    
|         id: null                                                                                                          
|         anonymous: null                                                                                                   
|         project: GConvLoc                                                                                                 
|         log_model: false                                                                                                  
|         prefix: ''                                                                                                        
|         group: gat                                                                                                        
|         tags:                                                                                                             
|         - SLE                                                                                                             
|         - gat                                                                                                             
|         job_type: ''                                                                                                      
|                                                                                                                           
+-- trainer
|   `-- _target_: pytorch_lightning.Trainer                                                                                 
|       default_root_dir: C:\Users\Administrator\Desktop\1PAPER\6_GCOM\logs\train\runs\2025-09-14_22-46-10                  
|       min_epochs: 1                                                                                                       
|       max_epochs: 20000                                                                                                   
|       accelerator: auto                                                                                                   
|       devices: auto                                                                                                       
|       deterministic: false                                                                                                
|       num_sanity_val_steps: 0                                                                                             
|       enable_progress_bar: false                                                                                          
|                                                                                                                           
+-- paths
|   `-- root_dir: C:\Users\Administrator\Desktop\1PAPER\6_GCOM                                                              
|       data_dir: C:\Users\Administrator\Desktop\1PAPER\6_GCOM/data/                                                        
|       model_dir: C:\Users\Administrator\Desktop\1PAPER\6_GCOM/model/                                                      
|       log_dir: C:\Users\Administrator\Desktop\1PAPER\6_GCOM/logs/                                                         
|       output_dir: C:\Users\Administrator\Desktop\1PAPER\6_GCOM\logs\train\runs\2025-09-14_22-46-10                        
|       work_dir: C:\Users\Administrator\Desktop\1PAPER\6_GCOM                                                              
|                                                                                                                           
+-- extras
|   `-- ignore_warnings: false                                                                                              
|       enforce_tags: true                                                                                                  
|       print_config: true                                                                                                  
|                                                                                                                           
+-- task_name
|   `-- train                                                                                                               
+-- tags
|   `-- ['SLE', 'gat']                                                                                                      
+-- train
|   `-- True                                                                                                                
+-- test
|   `-- True                                                                                                                
+-- ckpt_path
|   `-- None                                                                                                                
+-- save_path
|   `-- None                                                                                                                
`-- seed
    `-- 42                                                                                                                  
